#
# There is insufficient memory for the Java Runtime Environment to continue.
# Native memory allocation (malloc) failed to allocate 1048576 bytes. Error detail: AllocateHeap
# Possible reasons:
#   The system is out of physical RAM or swap space
#   This process is running with CompressedOops enabled, and the Java Heap may be blocking the growth of the native heap
# Possible solutions:
#   Reduce memory load on the system
#   Increase physical memory or swap space
#   Check if swap backing store is full
#   Decrease Java heap size (-Xmx/-Xms)
#   Decrease number of Java threads
#   Decrease Java thread stack sizes (-Xss)
#   Set larger code cache with -XX:ReservedCodeCacheSize=
#   JVM is running with Unscaled Compressed Oops mode in which the Java heap is
#     placed in the first 4GB address space. The Java Heap base address is the
#     maximum limit for the native heap growth. Please use -XX:HeapBaseMinAddress
#     to set the Java Heap base and to place the Java Heap above 4GB virtual address.
# This output file may be truncated or incomplete.
#
#  Out of Memory Error (allocation.cpp:44), pid=58556, tid=52524
#
# JRE version: OpenJDK Runtime Environment JBR-21.0.6+9-895.109-jcef (21.0.6+9) (build 21.0.6+9-b895.109)
# Java VM: OpenJDK 64-Bit Server VM JBR-21.0.6+9-895.109-jcef (21.0.6+9-b895.109, mixed mode, sharing, tiered, compressed oops, compressed class ptrs, g1 gc, windows-amd64)
# No core dump will be written. Minidumps are not enabled by default on client versions of Windows
#

---------------  S U M M A R Y ------------

Command Line: -Djava.rmi.server.hostname=127.0.0.1 -Duser.timezone=UTC -Xmx2048m -Xms128m -Djdbc.classpath=C:\Users\20839\AppData\Local\Temp\RemoteDriver.classpath.txt --add-exports=java.desktop/sun.awt=ALL-UNNAMED --add-exports=java.desktop/java.awt.peer=ALL-UNNAMED --add-opens=java.desktop/java.awt=ALL-UNNAMED --add-opens=jdk.unsupported/sun.misc=ALL-UNNAMED --add-opens=java.base/java.nio=ALL-UNNAMED --add-opens=java.base/java.util=ALL-UNNAMED -Dfile.encoding=UTF-8 -Dsun.stdout.encoding=UTF-8 -Dsun.stderr.encoding=UTF-8 com.intellij.database.remote.RemoteJdbcServer com.mysql.cj.jdbc.Driver

Host: AMD Ryzen 7 5800H with Radeon Graphics         , 16 cores, 15G,  Windows 11 , 64 bit Build 26100 (10.0.26100.5074)
Time: Tue Sep 30 20:21:07 2025  Windows 11 , 64 bit Build 26100 (10.0.26100.5074) elapsed time: 97202.026526 seconds (1d 3h 0m 2s)

---------------  T H R E A D  ---------------

Current thread (0x000001c16de43980):  VMThread "VM Thread"          [id=52524, stack(0x0000004629200000,0x0000004629300000) (1024K)]

Stack: [0x0000004629200000,0x0000004629300000]
Native frames: (J=compiled Java code, j=interpreted, Vv=VM code, C=native code)
V  [jvm.dll+0x6e5cb9]
V  [jvm.dll+0x8c4113]
V  [jvm.dll+0x8c666e]
V  [jvm.dll+0x8c6d53]
V  [jvm.dll+0x288f76]
V  [jvm.dll+0xc0e57]
V  [jvm.dll+0x353dd2]
V  [jvm.dll+0x34d76e]
V  [jvm.dll+0x3357d9]
V  [jvm.dll+0x379b4a]
V  [jvm.dll+0x8ccad8]
V  [jvm.dll+0x8cde54]
V  [jvm.dll+0x8ce390]
V  [jvm.dll+0x8ce623]
V  [jvm.dll+0x86bc68]
V  [jvm.dll+0x6e44bd]
C  [ucrtbase.dll+0x37b0]
C  [KERNEL32.DLL+0x2e8d7]
C  [ntdll.dll+0x8d9c]

VM_Operation (0x000000462a6feea0): G1CollectFull, mode: safepoint, requested by thread 0x000001c172701f00


---------------  P R O C E S S  ---------------

Threads class SMR info:
_java_thread_list=0x000001c172a3f4e0, length=20, elements={
0x000001c154e01f30, 0x000001c172042e30, 0x000001c16de67630, 0x000001c16de6d880,
0x000001c16de6e2d0, 0x000001c16de6fa40, 0x000001c16de712e0, 0x000001c16de85670,
0x000001c16de89740, 0x000001c1721a6500, 0x000001c1721a9980, 0x000001c1725701e0,
0x000001c17265e890, 0x000001c172701240, 0x000001c1727018a0, 0x000001c172701f00,
0x000001c17261d030, 0x000001c1729a24e0, 0x000001c1729a79c0, 0x000001c1729a6610
}

Java Threads: ( => current thread )
  0x000001c154e01f30 JavaThread "main"                              [_thread_blocked, id=54396, stack(0x0000004628b00000,0x0000004628c00000) (1024K)]
  0x000001c172042e30 JavaThread "Reference Handler"          daemon [_thread_blocked, id=60544, stack(0x0000004629300000,0x0000004629400000) (1024K)]
  0x000001c16de67630 JavaThread "Finalizer"                  daemon [_thread_blocked, id=59400, stack(0x0000004629400000,0x0000004629500000) (1024K)]
  0x000001c16de6d880 JavaThread "Signal Dispatcher"          daemon [_thread_blocked, id=59612, stack(0x0000004629500000,0x0000004629600000) (1024K)]
  0x000001c16de6e2d0 JavaThread "Attach Listener"            daemon [_thread_blocked, id=59504, stack(0x0000004629600000,0x0000004629700000) (1024K)]
  0x000001c16de6fa40 JavaThread "Service Thread"             daemon [_thread_blocked, id=59488, stack(0x0000004629700000,0x0000004629800000) (1024K)]
  0x000001c16de712e0 JavaThread "Monitor Deflation Thread"   daemon [_thread_blocked, id=58512, stack(0x0000004629800000,0x0000004629900000) (1024K)]
  0x000001c16de85670 JavaThread "C2 CompilerThread0"         daemon [_thread_blocked, id=35812, stack(0x0000004629900000,0x0000004629a00000) (1024K)]
  0x000001c16de89740 JavaThread "C1 CompilerThread0"         daemon [_thread_blocked, id=58492, stack(0x0000004629a00000,0x0000004629b00000) (1024K)]
  0x000001c1721a6500 JavaThread "Common-Cleaner"             daemon [_thread_blocked, id=53540, stack(0x0000004629c00000,0x0000004629d00000) (1024K)]
  0x000001c1721a9980 JavaThread "Notification Thread"        daemon [_thread_blocked, id=55232, stack(0x0000004629d00000,0x0000004629e00000) (1024K)]
  0x000001c1725701e0 JavaThread "mysql-cj-abandoned-connection-cleanup" daemon [_thread_blocked, id=57588, stack(0x000000462a200000,0x000000462a300000) (1024K)]
  0x000001c17265e890 JavaThread "RMI TCP Accept-29998"       daemon [_thread_in_native, id=50908, stack(0x000000462a300000,0x000000462a400000) (1024K)]
  0x000001c172701240 JavaThread "RMI TCP Accept-0"           daemon [_thread_in_native, id=58692, stack(0x000000462a400000,0x000000462a500000) (1024K)]
  0x000001c1727018a0 JavaThread "RMI Reaper"                        [_thread_blocked, id=50184, stack(0x000000462a500000,0x000000462a600000) (1024K)]
  0x000001c172701f00 JavaThread "RMI GC Daemon"              daemon [_thread_blocked, id=32496, stack(0x000000462a600000,0x000000462a700000) (1024K)]
  0x000001c17261d030 JavaThread "RMI TCP Connection(2)-127.0.0.1" daemon [_thread_in_native, id=59320, stack(0x000000462a800000,0x000000462a900000) (1024K)]
  0x000001c1729a24e0 JavaThread "RMI Scheduler(0)"           daemon [_thread_blocked, id=57604, stack(0x000000462a900000,0x000000462aa00000) (1024K)]
  0x000001c1729a79c0 JavaThread "RMI TCP Connection(4)-127.0.0.1" daemon [_thread_in_native, id=50060, stack(0x000000462ab00000,0x000000462ac00000) (1024K)]
  0x000001c1729a6610 JavaThread "RMI RenewClean-[127.0.0.1:57232]" daemon [_thread_blocked, id=59300, stack(0x000000462ac00000,0x000000462ad00000) (1024K)]
Total: 20

Other Threads:
=>0x000001c16de43980 VMThread "VM Thread"                           [id=52524, stack(0x0000004629200000,0x0000004629300000) (1024K)]
  0x000001c16de309b0 WatcherThread "VM Periodic Task Thread"        [id=60508, stack(0x0000004629100000,0x0000004629200000) (1024K)]
  0x000001c154e5a1a0 WorkerThread "GC Thread#0"                     [id=61140, stack(0x0000004628c00000,0x0000004628d00000) (1024K)]
  0x000001c1723fbb70 WorkerThread "GC Thread#1"                     [id=55920, stack(0x000000462ad00000,0x000000462ae00000) (1024K)]
  0x000001c172615190 WorkerThread "GC Thread#2"                     [id=32156, stack(0x000000462ae00000,0x000000462af00000) (1024K)]
  0x000001c172610180 WorkerThread "GC Thread#3"                     [id=47872, stack(0x000000462af00000,0x000000462b000000) (1024K)]
  0x000001c172609920 WorkerThread "GC Thread#4"                     [id=60096, stack(0x000000462b000000,0x000000462b100000) (1024K)]
  0x000001c1723f9f60 WorkerThread "GC Thread#5"                     [id=41184, stack(0x000000462b100000,0x000000462b200000) (1024K)]
  0x000001c172a20e10 WorkerThread "GC Thread#6"                     [id=53024, stack(0x000000462b200000,0x000000462b300000) (1024K)]
  0x000001c172a3eb10 WorkerThread "GC Thread#7"                     [id=56400, stack(0x000000462b300000,0x000000462b400000) (1024K)]
  0x000001c172a3eeb0 WorkerThread "GC Thread#8"                     [id=54984, stack(0x000000462b400000,0x000000462b500000) (1024K)]
  0x000001c172a3f660 WorkerThread "GC Thread#9"                     [id=61308, stack(0x000000462b500000,0x000000462b600000) (1024K)]
  0x000001c172a3fe60 WorkerThread "GC Thread#10"                    [id=46532, stack(0x000000462b600000,0x000000462b700000) (1024K)]
  0x000001c172a41080 WorkerThread "GC Thread#11"                    [id=31584, stack(0x000000462b700000,0x000000462b800000) (1024K)]
  0x000001c172a41420 WorkerThread "GC Thread#12"                    [id=58092, stack(0x000000462b900000,0x000000462ba00000) (1024K)]
  0x000001c154e6c6b0 ConcurrentGCThread "G1 Main Marker"            [id=47620, stack(0x0000004628d00000,0x0000004628e00000) (1024K)]
  0x000001c154e6d0c0 WorkerThread "G1 Conc#0"                       [id=48956, stack(0x0000004628e00000,0x0000004628f00000) (1024K)]
  0x000001c16dcf05d0 ConcurrentGCThread "G1 Refine#0"               [id=44084, stack(0x0000004628f00000,0x0000004629000000) (1024K)]
  0x000001c16dcf2060 ConcurrentGCThread "G1 Service"                [id=55844, stack(0x0000004629000000,0x0000004629100000) (1024K)]
Total: 19

Threads with active compile tasks:
Total: 0

VM state: at safepoint (normal execution)

VM Mutex/Monitor currently owned by a thread:  ([mutex/lock_event])
[0x00007ffc3582ea30] Threads_lock - owner thread: 0x000001c16de43980
[0x00007ffc3582eb30] Heap_lock - owner thread: 0x000001c172701f00

Heap address: 0x0000000080000000, size: 2048 MB, Compressed Oops mode: 32-bit

CDS archive(s) mapped at: [0x000001c100000000-0x000001c100d00000-0x000001c100d00000), size 13631488, SharedBaseAddress: 0x000001c100000000, ArchiveRelocationMode: 1.
Compressed class space mapped at: 0x000001c101000000-0x000001c141000000, reserved size: 1073741824
Narrow klass base: 0x000001c100000000, Narrow klass shift: 0, Narrow klass range: 0x100000000

GC Precious Log:
 CardTable entry size: 512
 Card Set container configuration: InlinePtr #cards 5 size 8 Array Of Cards #cards 12 size 40 Howl #buckets 4 coarsen threshold 1843 Howl Bitmap #cards 512 size 80 coarsen threshold 460 Card regions per heap region 1 cards per card region 2048
 CPUs: 16 total, 16 available
 Memory: 16236M
 Large Page Support: Disabled
 NUMA Support: Disabled
 Compressed Oops: Enabled (32-bit)
 Heap Region Size: 1M
 Heap Min Capacity: 128M
 Heap Initial Capacity: 128M
 Heap Max Capacity: 2G
 Pre-touch: Disabled
 Parallel Workers: 13
 Concurrent Workers: 3
 Concurrent Refinement Workers: 13
 Periodic GC: Disabled

Heap:
 garbage-first heap   total 131072K, used 17760K [0x0000000080000000, 0x0000000100000000)
  region size 1024K, 7 young (7168K), 0 survivors (0K)
 Metaspace       used 18351K, committed 19136K, reserved 1114112K
  class space    used 2000K, committed 2240K, reserved 1048576K

Heap Regions: E=young(eden), S=young(survivor), O=old, HS=humongous(starts), HC=humongous(continues), CS=collection set, F=free, TAMS=top-at-mark-start, PB=parsable bottom
|   0|0x0000000080000000, 0x0000000080100000, 0x0000000080100000|100%|HS|  |TAMS 0x0000000080000000| PB 0x0000000080000000| Untracked 
|   1|0x0000000080100000, 0x0000000080200000, 0x0000000080200000|100%|HC|  |TAMS 0x0000000080100000| PB 0x0000000080100000| Untracked 
|   2|0x0000000080200000, 0x0000000080300000, 0x0000000080300000|100%|HS|  |TAMS 0x0000000080200000| PB 0x0000000080200000| Untracked 
|   3|0x0000000080300000, 0x0000000080400000, 0x0000000080400000|100%|HS|  |TAMS 0x0000000080300000| PB 0x0000000080300000| Untracked 
|   4|0x0000000080400000, 0x0000000080500000, 0x0000000080500000|100%| O|  |TAMS 0x0000000080400000| PB 0x0000000080400000| Untracked 
|   5|0x0000000080500000, 0x00000000805ff9c8, 0x0000000080600000| 99%| O|  |TAMS 0x0000000080500000| PB 0x0000000080500000| Untracked 
|   6|0x0000000080600000, 0x00000000806fffe8, 0x0000000080700000| 99%| O|  |TAMS 0x0000000080600000| PB 0x0000000080600000| Untracked 
|   7|0x0000000080700000, 0x0000000080800000, 0x0000000080800000|100%| O|  |TAMS 0x0000000080700000| PB 0x0000000080700000| Untracked 
|   8|0x0000000080800000, 0x0000000080900000, 0x0000000080900000|100%| O|  |TAMS 0x0000000080800000| PB 0x0000000080800000| Untracked 
|   9|0x0000000080900000, 0x00000000809aca70, 0x0000000080a00000| 67%| O|  |TAMS 0x0000000080900000| PB 0x0000000080900000| Untracked 
|  10|0x0000000080a00000, 0x0000000080affff0, 0x0000000080b00000| 99%| O|  |TAMS 0x0000000080a00000| PB 0x0000000080a00000| Untracked 
|  11|0x0000000080b00000, 0x0000000080ba9c38, 0x0000000080c00000| 66%| O|  |TAMS 0x0000000080b00000| PB 0x0000000080b00000| Untracked 
|  12|0x0000000080c00000, 0x0000000080c022b8, 0x0000000080d00000|  0%| O|  |TAMS 0x0000000080c00000| PB 0x0000000080c00000| Untracked 
|  13|0x0000000080d00000, 0x0000000080d00000, 0x0000000080e00000|  0%| F|  |TAMS 0x0000000080d00000| PB 0x0000000080d00000| Untracked 
|  14|0x0000000080e00000, 0x0000000080e00000, 0x0000000080f00000|  0%| F|  |TAMS 0x0000000080e00000| PB 0x0000000080e00000| Untracked 
|  15|0x0000000080f00000, 0x0000000080f00000, 0x0000000081000000|  0%| F|  |TAMS 0x0000000080f00000| PB 0x0000000080f00000| Untracked 
|  16|0x0000000081000000, 0x0000000081000000, 0x0000000081100000|  0%| F|  |TAMS 0x0000000081000000| PB 0x0000000081000000| Untracked 
|  17|0x0000000081100000, 0x0000000081100000, 0x0000000081200000|  0%| F|  |TAMS 0x0000000081100000| PB 0x0000000081100000| Untracked 
|  18|0x0000000081200000, 0x0000000081200000, 0x0000000081300000|  0%| F|  |TAMS 0x0000000081200000| PB 0x0000000081200000| Untracked 
|  19|0x0000000081300000, 0x0000000081300000, 0x0000000081400000|  0%| F|  |TAMS 0x0000000081300000| PB 0x0000000081300000| Untracked 
|  20|0x0000000081400000, 0x0000000081400000, 0x0000000081500000|  0%| F|  |TAMS 0x0000000081400000| PB 0x0000000081400000| Untracked 
|  21|0x0000000081500000, 0x0000000081500000, 0x0000000081600000|  0%| F|  |TAMS 0x0000000081500000| PB 0x0000000081500000| Untracked 
|  22|0x0000000081600000, 0x0000000081600000, 0x0000000081700000|  0%| F|  |TAMS 0x0000000081600000| PB 0x0000000081600000| Untracked 
|  23|0x0000000081700000, 0x0000000081700000, 0x0000000081800000|  0%| F|  |TAMS 0x0000000081700000| PB 0x0000000081700000| Untracked 
|  24|0x0000000081800000, 0x0000000081800000, 0x0000000081900000|  0%| F|  |TAMS 0x0000000081800000| PB 0x0000000081800000| Untracked 
|  25|0x0000000081900000, 0x0000000081900000, 0x0000000081a00000|  0%| F|  |TAMS 0x0000000081900000| PB 0x0000000081900000| Untracked 
|  26|0x0000000081a00000, 0x0000000081a00000, 0x0000000081b00000|  0%| F|  |TAMS 0x0000000081a00000| PB 0x0000000081a00000| Untracked 
|  27|0x0000000081b00000, 0x0000000081b00000, 0x0000000081c00000|  0%| F|  |TAMS 0x0000000081b00000| PB 0x0000000081b00000| Untracked 
|  28|0x0000000081c00000, 0x0000000081c00000, 0x0000000081d00000|  0%| F|  |TAMS 0x0000000081c00000| PB 0x0000000081c00000| Untracked 
|  29|0x0000000081d00000, 0x0000000081d00000, 0x0000000081e00000|  0%| F|  |TAMS 0x0000000081d00000| PB 0x0000000081d00000| Untracked 
|  30|0x0000000081e00000, 0x0000000081e00000, 0x0000000081f00000|  0%| F|  |TAMS 0x0000000081e00000| PB 0x0000000081e00000| Untracked 
|  31|0x0000000081f00000, 0x0000000081f00000, 0x0000000082000000|  0%| F|  |TAMS 0x0000000081f00000| PB 0x0000000081f00000| Untracked 
|  32|0x0000000082000000, 0x0000000082000000, 0x0000000082100000|  0%| F|  |TAMS 0x0000000082000000| PB 0x0000000082000000| Untracked 
|  33|0x0000000082100000, 0x0000000082100000, 0x0000000082200000|  0%| F|  |TAMS 0x0000000082100000| PB 0x0000000082100000| Untracked 
|  34|0x0000000082200000, 0x0000000082200000, 0x0000000082300000|  0%| F|  |TAMS 0x0000000082200000| PB 0x0000000082200000| Untracked 
|  35|0x0000000082300000, 0x0000000082300000, 0x0000000082400000|  0%| F|  |TAMS 0x0000000082300000| PB 0x0000000082300000| Untracked 
|  36|0x0000000082400000, 0x0000000082400000, 0x0000000082500000|  0%| F|  |TAMS 0x0000000082400000| PB 0x0000000082400000| Untracked 
|  37|0x0000000082500000, 0x0000000082500000, 0x0000000082600000|  0%| F|  |TAMS 0x0000000082500000| PB 0x0000000082500000| Untracked 
|  38|0x0000000082600000, 0x0000000082600000, 0x0000000082700000|  0%| F|  |TAMS 0x0000000082600000| PB 0x0000000082600000| Untracked 
|  39|0x0000000082700000, 0x0000000082700000, 0x0000000082800000|  0%| F|  |TAMS 0x0000000082700000| PB 0x0000000082700000| Untracked 
|  40|0x0000000082800000, 0x0000000082800000, 0x0000000082900000|  0%| F|  |TAMS 0x0000000082800000| PB 0x0000000082800000| Untracked 
|  41|0x0000000082900000, 0x0000000082900000, 0x0000000082a00000|  0%| F|  |TAMS 0x0000000082900000| PB 0x0000000082900000| Untracked 
|  42|0x0000000082a00000, 0x0000000082a00000, 0x0000000082b00000|  0%| F|  |TAMS 0x0000000082a00000| PB 0x0000000082a00000| Untracked 
|  43|0x0000000082b00000, 0x0000000082b00000, 0x0000000082c00000|  0%| F|  |TAMS 0x0000000082b00000| PB 0x0000000082b00000| Untracked 
|  44|0x0000000082c00000, 0x0000000082c00000, 0x0000000082d00000|  0%| F|  |TAMS 0x0000000082c00000| PB 0x0000000082c00000| Untracked 
|  45|0x0000000082d00000, 0x0000000082d00000, 0x0000000082e00000|  0%| F|  |TAMS 0x0000000082d00000| PB 0x0000000082d00000| Untracked 
|  46|0x0000000082e00000, 0x0000000082e00000, 0x0000000082f00000|  0%| F|  |TAMS 0x0000000082e00000| PB 0x0000000082e00000| Untracked 
|  47|0x0000000082f00000, 0x0000000082f00000, 0x0000000083000000|  0%| F|  |TAMS 0x0000000082f00000| PB 0x0000000082f00000| Untracked 
|  48|0x0000000083000000, 0x0000000083000000, 0x0000000083100000|  0%| F|  |TAMS 0x0000000083000000| PB 0x0000000083000000| Untracked 
|  49|0x0000000083100000, 0x0000000083100000, 0x0000000083200000|  0%| F|  |TAMS 0x0000000083100000| PB 0x0000000083100000| Untracked 
|  50|0x0000000083200000, 0x0000000083200000, 0x0000000083300000|  0%| F|  |TAMS 0x0000000083200000| PB 0x0000000083200000| Untracked 
|  51|0x0000000083300000, 0x0000000083300000, 0x0000000083400000|  0%| F|  |TAMS 0x0000000083300000| PB 0x0000000083300000| Untracked 
|  52|0x0000000083400000, 0x0000000083400000, 0x0000000083500000|  0%| F|  |TAMS 0x0000000083400000| PB 0x0000000083400000| Untracked 
|  53|0x0000000083500000, 0x0000000083500000, 0x0000000083600000|  0%| F|  |TAMS 0x0000000083500000| PB 0x0000000083500000| Untracked 
|  54|0x0000000083600000, 0x0000000083600000, 0x0000000083700000|  0%| F|  |TAMS 0x0000000083600000| PB 0x0000000083600000| Untracked 
|  55|0x0000000083700000, 0x0000000083700000, 0x0000000083800000|  0%| F|  |TAMS 0x0000000083700000| PB 0x0000000083700000| Untracked 
|  56|0x0000000083800000, 0x0000000083800000, 0x0000000083900000|  0%| F|  |TAMS 0x0000000083800000| PB 0x0000000083800000| Untracked 
|  57|0x0000000083900000, 0x0000000083900000, 0x0000000083a00000|  0%| F|  |TAMS 0x0000000083900000| PB 0x0000000083900000| Untracked 
|  58|0x0000000083a00000, 0x0000000083a00000, 0x0000000083b00000|  0%| F|  |TAMS 0x0000000083a00000| PB 0x0000000083a00000| Untracked 
|  59|0x0000000083b00000, 0x0000000083b00000, 0x0000000083c00000|  0%| F|  |TAMS 0x0000000083b00000| PB 0x0000000083b00000| Untracked 
|  60|0x0000000083c00000, 0x0000000083c00000, 0x0000000083d00000|  0%| F|  |TAMS 0x0000000083c00000| PB 0x0000000083c00000| Untracked 
|  61|0x0000000083d00000, 0x0000000083d00000, 0x0000000083e00000|  0%| F|  |TAMS 0x0000000083d00000| PB 0x0000000083d00000| Untracked 
|  62|0x0000000083e00000, 0x0000000083e00000, 0x0000000083f00000|  0%| F|  |TAMS 0x0000000083e00000| PB 0x0000000083e00000| Untracked 
|  63|0x0000000083f00000, 0x0000000083f00000, 0x0000000084000000|  0%| F|  |TAMS 0x0000000083f00000| PB 0x0000000083f00000| Untracked 
|  64|0x0000000084000000, 0x0000000084000000, 0x0000000084100000|  0%| F|  |TAMS 0x0000000084000000| PB 0x0000000084000000| Untracked 
|  65|0x0000000084100000, 0x0000000084100000, 0x0000000084200000|  0%| F|  |TAMS 0x0000000084100000| PB 0x0000000084100000| Untracked 
|  66|0x0000000084200000, 0x0000000084200000, 0x0000000084300000|  0%| F|  |TAMS 0x0000000084200000| PB 0x0000000084200000| Untracked 
|  67|0x0000000084300000, 0x0000000084300000, 0x0000000084400000|  0%| F|  |TAMS 0x0000000084300000| PB 0x0000000084300000| Untracked 
|  68|0x0000000084400000, 0x0000000084400000, 0x0000000084500000|  0%| F|  |TAMS 0x0000000084400000| PB 0x0000000084400000| Untracked 
|  69|0x0000000084500000, 0x0000000084500000, 0x0000000084600000|  0%| F|  |TAMS 0x0000000084500000| PB 0x0000000084500000| Untracked 
|  70|0x0000000084600000, 0x0000000084600000, 0x0000000084700000|  0%| F|  |TAMS 0x0000000084600000| PB 0x0000000084600000| Untracked 
|  71|0x0000000084700000, 0x0000000084700000, 0x0000000084800000|  0%| F|  |TAMS 0x0000000084700000| PB 0x0000000084700000| Untracked 
|  72|0x0000000084800000, 0x0000000084800000, 0x0000000084900000|  0%| F|  |TAMS 0x0000000084800000| PB 0x0000000084800000| Untracked 
|  73|0x0000000084900000, 0x0000000084900000, 0x0000000084a00000|  0%| F|  |TAMS 0x0000000084900000| PB 0x0000000084900000| Untracked 
|  74|0x0000000084a00000, 0x0000000084a00000, 0x0000000084b00000|  0%| F|  |TAMS 0x0000000084a00000| PB 0x0000000084a00000| Untracked 
|  75|0x0000000084b00000, 0x0000000084b00000, 0x0000000084c00000|  0%| F|  |TAMS 0x0000000084b00000| PB 0x0000000084b00000| Untracked 
|  76|0x0000000084c00000, 0x0000000084c00000, 0x0000000084d00000|  0%| F|  |TAMS 0x0000000084c00000| PB 0x0000000084c00000| Untracked 
|  77|0x0000000084d00000, 0x0000000084d00000, 0x0000000084e00000|  0%| F|  |TAMS 0x0000000084d00000| PB 0x0000000084d00000| Untracked 
|  78|0x0000000084e00000, 0x0000000084e00000, 0x0000000084f00000|  0%| F|  |TAMS 0x0000000084e00000| PB 0x0000000084e00000| Untracked 
|  79|0x0000000084f00000, 0x0000000084f00000, 0x0000000085000000|  0%| F|  |TAMS 0x0000000084f00000| PB 0x0000000084f00000| Untracked 
|  80|0x0000000085000000, 0x0000000085000000, 0x0000000085100000|  0%| F|  |TAMS 0x0000000085000000| PB 0x0000000085000000| Untracked 
|  81|0x0000000085100000, 0x0000000085100000, 0x0000000085200000|  0%| F|  |TAMS 0x0000000085100000| PB 0x0000000085100000| Untracked 
|  82|0x0000000085200000, 0x0000000085200000, 0x0000000085300000|  0%| F|  |TAMS 0x0000000085200000| PB 0x0000000085200000| Untracked 
|  83|0x0000000085300000, 0x0000000085300000, 0x0000000085400000|  0%| F|  |TAMS 0x0000000085300000| PB 0x0000000085300000| Untracked 
|  84|0x0000000085400000, 0x0000000085400000, 0x0000000085500000|  0%| F|  |TAMS 0x0000000085400000| PB 0x0000000085400000| Untracked 
|  85|0x0000000085500000, 0x0000000085500000, 0x0000000085600000|  0%| F|  |TAMS 0x0000000085500000| PB 0x0000000085500000| Untracked 
|  86|0x0000000085600000, 0x0000000085600000, 0x0000000085700000|  0%| F|  |TAMS 0x0000000085600000| PB 0x0000000085600000| Untracked 
|  87|0x0000000085700000, 0x0000000085700000, 0x0000000085800000|  0%| F|  |TAMS 0x0000000085700000| PB 0x0000000085700000| Untracked 
|  88|0x0000000085800000, 0x0000000085800000, 0x0000000085900000|  0%| F|  |TAMS 0x0000000085800000| PB 0x0000000085800000| Untracked 
|  89|0x0000000085900000, 0x0000000085900000, 0x0000000085a00000|  0%| F|  |TAMS 0x0000000085900000| PB 0x0000000085900000| Untracked 
|  90|0x0000000085a00000, 0x0000000085a00000, 0x0000000085b00000|  0%| F|  |TAMS 0x0000000085a00000| PB 0x0000000085a00000| Untracked 
|  91|0x0000000085b00000, 0x0000000085b00000, 0x0000000085c00000|  0%| F|  |TAMS 0x0000000085b00000| PB 0x0000000085b00000| Untracked 
|  92|0x0000000085c00000, 0x0000000085c00000, 0x0000000085d00000|  0%| F|  |TAMS 0x0000000085c00000| PB 0x0000000085c00000| Untracked 
|  93|0x0000000085d00000, 0x0000000085d00000, 0x0000000085e00000|  0%| F|  |TAMS 0x0000000085d00000| PB 0x0000000085d00000| Untracked 
|  94|0x0000000085e00000, 0x0000000085e00000, 0x0000000085f00000|  0%| F|  |TAMS 0x0000000085e00000| PB 0x0000000085e00000| Untracked 
|  95|0x0000000085f00000, 0x0000000085f00000, 0x0000000086000000|  0%| F|  |TAMS 0x0000000085f00000| PB 0x0000000085f00000| Untracked 
|  96|0x0000000086000000, 0x0000000086000000, 0x0000000086100000|  0%| F|  |TAMS 0x0000000086000000| PB 0x0000000086000000| Untracked 
|  97|0x0000000086100000, 0x0000000086100000, 0x0000000086200000|  0%| F|  |TAMS 0x0000000086100000| PB 0x0000000086100000| Untracked 
|  98|0x0000000086200000, 0x0000000086200000, 0x0000000086300000|  0%| F|  |TAMS 0x0000000086200000| PB 0x0000000086200000| Untracked 
|  99|0x0000000086300000, 0x0000000086300000, 0x0000000086400000|  0%| F|  |TAMS 0x0000000086300000| PB 0x0000000086300000| Untracked 
| 100|0x0000000086400000, 0x0000000086400000, 0x0000000086500000|  0%| F|  |TAMS 0x0000000086400000| PB 0x0000000086400000| Untracked 
| 101|0x0000000086500000, 0x0000000086500000, 0x0000000086600000|  0%| F|  |TAMS 0x0000000086500000| PB 0x0000000086500000| Untracked 
| 102|0x0000000086600000, 0x0000000086600000, 0x0000000086700000|  0%| F|  |TAMS 0x0000000086600000| PB 0x0000000086600000| Untracked 
| 103|0x0000000086700000, 0x0000000086700000, 0x0000000086800000|  0%| F|  |TAMS 0x0000000086700000| PB 0x0000000086700000| Untracked 
| 104|0x0000000086800000, 0x0000000086800000, 0x0000000086900000|  0%| F|  |TAMS 0x0000000086800000| PB 0x0000000086800000| Untracked 
| 105|0x0000000086900000, 0x0000000086900000, 0x0000000086a00000|  0%| F|  |TAMS 0x0000000086900000| PB 0x0000000086900000| Untracked 
| 106|0x0000000086a00000, 0x0000000086a00000, 0x0000000086b00000|  0%| F|  |TAMS 0x0000000086a00000| PB 0x0000000086a00000| Untracked 
| 107|0x0000000086b00000, 0x0000000086b00000, 0x0000000086c00000|  0%| F|  |TAMS 0x0000000086b00000| PB 0x0000000086b00000| Untracked 
| 108|0x0000000086c00000, 0x0000000086c00000, 0x0000000086d00000|  0%| F|  |TAMS 0x0000000086c00000| PB 0x0000000086c00000| Untracked 
| 109|0x0000000086d00000, 0x0000000086d00000, 0x0000000086e00000|  0%| F|  |TAMS 0x0000000086d00000| PB 0x0000000086d00000| Untracked 
| 110|0x0000000086e00000, 0x0000000086e00000, 0x0000000086f00000|  0%| F|  |TAMS 0x0000000086e00000| PB 0x0000000086e00000| Untracked 
| 111|0x0000000086f00000, 0x0000000086f00000, 0x0000000087000000|  0%| F|  |TAMS 0x0000000086f00000| PB 0x0000000086f00000| Untracked 
| 112|0x0000000087000000, 0x0000000087000000, 0x0000000087100000|  0%| F|  |TAMS 0x0000000087000000| PB 0x0000000087000000| Untracked 
| 113|0x0000000087100000, 0x0000000087100000, 0x0000000087200000|  0%| F|  |TAMS 0x0000000087100000| PB 0x0000000087100000| Untracked 
| 114|0x0000000087200000, 0x0000000087200000, 0x0000000087300000|  0%| F|  |TAMS 0x0000000087200000| PB 0x0000000087200000| Untracked 
| 115|0x0000000087300000, 0x0000000087300000, 0x0000000087400000|  0%| F|  |TAMS 0x0000000087300000| PB 0x0000000087300000| Untracked 
| 116|0x0000000087400000, 0x0000000087400000, 0x0000000087500000|  0%| F|  |TAMS 0x0000000087400000| PB 0x0000000087400000| Untracked 
| 117|0x0000000087500000, 0x0000000087500000, 0x0000000087600000|  0%| F|  |TAMS 0x0000000087500000| PB 0x0000000087500000| Untracked 
| 118|0x0000000087600000, 0x0000000087600000, 0x0000000087700000|  0%| F|  |TAMS 0x0000000087600000| PB 0x0000000087600000| Untracked 
| 119|0x0000000087700000, 0x0000000087700000, 0x0000000087800000|  0%| F|  |TAMS 0x0000000087700000| PB 0x0000000087700000| Untracked 
| 120|0x0000000087800000, 0x0000000087800000, 0x0000000087900000|  0%| F|  |TAMS 0x0000000087800000| PB 0x0000000087800000| Untracked 
| 121|0x0000000087900000, 0x0000000087980000, 0x0000000087a00000| 50%| E|  |TAMS 0x0000000087900000| PB 0x0000000087900000| Complete 
| 122|0x0000000087a00000, 0x0000000087b00000, 0x0000000087b00000|100%| E|CS|TAMS 0x0000000087a00000| PB 0x0000000087a00000| Complete 
| 123|0x0000000087b00000, 0x0000000087c00000, 0x0000000087c00000|100%| E|CS|TAMS 0x0000000087b00000| PB 0x0000000087b00000| Complete 
| 124|0x0000000087c00000, 0x0000000087d00000, 0x0000000087d00000|100%| E|CS|TAMS 0x0000000087c00000| PB 0x0000000087c00000| Complete 
| 125|0x0000000087d00000, 0x0000000087e00000, 0x0000000087e00000|100%| E|CS|TAMS 0x0000000087d00000| PB 0x0000000087d00000| Complete 
| 126|0x0000000087e00000, 0x0000000087f00000, 0x0000000087f00000|100%| E|CS|TAMS 0x0000000087e00000| PB 0x0000000087e00000| Complete 
| 127|0x0000000087f00000, 0x0000000088000000, 0x0000000088000000|100%| E|CS|TAMS 0x0000000087f00000| PB 0x0000000087f00000| Complete 

Card table byte_map: [0x000001c168ab0000,0x000001c168eb0000] _byte_map_base: 0x000001c1686b0000

Marking Bits: (CMBitMap*) 0x000001c154e5a7b0
 Bits: [0x000001c168eb0000, 0x000001c16aeb0000)

Polling page: 0x000001c152fd0000

Metaspace:

Usage:
  Non-class:     15.97 MB used.
      Class:      1.95 MB used.
       Both:     17.92 MB used.

Virtual space:
  Non-class space:       64.00 MB reserved,      16.50 MB ( 26%) committed,  1 nodes.
      Class space:        1.00 GB reserved,       2.19 MB ( <1%) committed,  1 nodes.
             Both:        1.06 GB reserved,      18.69 MB (  2%) committed. 

Chunk freelists:
   Non-Class:  15.86 MB
       Class:  13.95 MB
        Both:  29.81 MB

MaxMetaspaceSize: unlimited
CompressedClassSpaceSize: 1.00 GB
Initial GC threshold: 21.00 MB
Current GC threshold: 31.19 MB
CDS: on
 - commit_granule_bytes: 65536.
 - commit_granule_words: 8192.
 - virtual_space_node_default_size: 8388608.
 - enlarge_chunks_in_place: 1.
 - use_allocation_guard: 0.


Internal statistics:

num_allocs_failed_limit: 0.
num_arena_births: 598.
num_arena_deaths: 280.
num_vsnodes_births: 2.
num_vsnodes_deaths: 0.
num_space_committed: 299.
num_space_uncommitted: 0.
num_chunks_returned_to_freelist: 393.
num_chunks_taken_from_freelist: 1162.
num_chunk_merges: 91.
num_chunk_splits: 674.
num_chunks_enlarged: 268.
num_inconsistent_stats: 0.

CodeHeap 'non-profiled nmethods': size=119168Kb used=2070Kb max_used=2070Kb free=117097Kb
 bounds [0x000001c1609d0000, 0x000001c160c40000, 0x000001c167e30000]
CodeHeap 'profiled nmethods': size=119104Kb used=5879Kb max_used=6823Kb free=113224Kb
 bounds [0x000001c158e30000, 0x000001c1594e0000, 0x000001c160280000]
CodeHeap 'non-nmethods': size=7488Kb used=1518Kb max_used=3271Kb free=5969Kb
 bounds [0x000001c160280000, 0x000001c1605c0000, 0x000001c1609d0000]
 total_blobs=3705 nmethods=3116 adapters=493
 compilation: enabled
              stopped_count=0, restarted_count=0
 full_count=0

Compilation events (20 events):
Event: 76803.908 Thread 0x000001c16de89740 3708   !   3       sun.rmi.transport.tcp.TCPChannel::free (163 bytes)
Event: 76803.910 Thread 0x000001c16de89740 nmethod 3708 0x000001c15906e290 code [0x000001c15906e520, 0x000001c15906ef98]
Event: 78002.668 Thread 0x000001c16de89740 3709       3       java.util.concurrent.ScheduledThreadPoolExecutor$ScheduledFutureTask::setNextRunTime (38 bytes)
Event: 78002.671 Thread 0x000001c16de89740 nmethod 3709 0x000001c159413510 code [0x000001c1594136c0, 0x000001c1594138d0]
Event: 78002.671 Thread 0x000001c16de89740 3710       3       java.util.concurrent.ScheduledThreadPoolExecutor::reExecutePeriodic (49 bytes)
Event: 78002.672 Thread 0x000001c16de89740 nmethod 3710 0x000001c158f29e10 code [0x000001c158f2a040, 0x000001c158f2a6c0]
Event: 86104.143 Thread 0x000001c16de89740 3711       3       java.net.Socket::createImpl (29 bytes)
Event: 86104.151 Thread 0x000001c16de89740 nmethod 3711 0x000001c158fee790 code [0x000001c158fee980, 0x000001c158feecc0]
Event: 88185.772 Thread 0x000001c16de89740 3712  s    3       java.util.Vector::indexOf (67 bytes)
Event: 88185.778 Thread 0x000001c16de89740 nmethod 3712 0x000001c159478190 code [0x000001c159478380, 0x000001c159478948]
Event: 88185.778 Thread 0x000001c16de89740 3713  s    3       java.util.Vector::isEmpty (13 bytes)
Event: 88185.779 Thread 0x000001c16de89740 nmethod 3713 0x000001c159452f10 code [0x000001c1594530c0, 0x000001c1594532e0]
Event: 89145.065 Thread 0x000001c16de89740 3714 % !   3       sun.rmi.transport.tcp.TCPTransport::handleMessages @ 23 (424 bytes)
Event: 89145.085 Thread 0x000001c16de89740 nmethod 3714% 0x000001c1592ead90 code [0x000001c1592eb580, 0x000001c1592f07e0]
Event: 90004.253 Thread 0x000001c16de85670 3715       4       java.net.URI$Parser::scan (76 bytes)
Event: 90004.259 Thread 0x000001c16de85670 nmethod 3715 0x000001c160bd4d10 code [0x000001c160bd4ea0, 0x000001c160bd52a8]
Event: 90685.622 Thread 0x000001c16de89740 3716   !   3       sun.rmi.transport.tcp.TCPTransport::handleMessages (424 bytes)
Event: 90685.627 Thread 0x000001c16de89740 nmethod 3716 0x000001c158e48810 code [0x000001c158e48fe0, 0x000001c158e4d838]
Event: 94519.378 Thread 0x000001c16de85670 3717       4       java.util.HashMap::containsKey (14 bytes)
Event: 94519.385 Thread 0x000001c16de85670 nmethod 3717 0x000001c160bd5490 code [0x000001c160bd5640, 0x000001c160bd5938]

GC Heap History (20 events):
Event: 61200.669 GC heap after
{Heap after GC invocations=19 (full 17):
 garbage-first heap   total 131072K, used 11612K [0x0000000080000000, 0x0000000100000000)
  region size 1024K, 0 young (0K), 0 survivors (0K)
 Metaspace       used 18226K, committed 19008K, reserved 1114112K
  class space    used 2000K, committed 2240K, reserved 1048576K
}
Event: 64800.681 GC heap before
{Heap before GC invocations=19 (full 17):
 garbage-first heap   total 131072K, used 17756K [0x0000000080000000, 0x0000000100000000)
  region size 1024K, 7 young (7168K), 0 survivors (0K)
 Metaspace       used 18227K, committed 19008K, reserved 1114112K
  class space    used 2000K, committed 2240K, reserved 1048576K
}
Event: 64800.692 GC heap after
{Heap after GC invocations=20 (full 18):
 garbage-first heap   total 131072K, used 11612K [0x0000000080000000, 0x0000000100000000)
  region size 1024K, 0 young (0K), 0 survivors (0K)
 Metaspace       used 18227K, committed 19008K, reserved 1114112K
  class space    used 2000K, committed 2240K, reserved 1048576K
}
Event: 68400.715 GC heap before
{Heap before GC invocations=20 (full 18):
 garbage-first heap   total 131072K, used 17756K [0x0000000080000000, 0x0000000100000000)
  region size 1024K, 7 young (7168K), 0 survivors (0K)
 Metaspace       used 18229K, committed 19008K, reserved 1114112K
  class space    used 2000K, committed 2240K, reserved 1048576K
}
Event: 68400.756 GC heap after
{Heap after GC invocations=21 (full 19):
 garbage-first heap   total 131072K, used 11612K [0x0000000080000000, 0x0000000100000000)
  region size 1024K, 0 young (0K), 0 survivors (0K)
 Metaspace       used 18229K, committed 19008K, reserved 1114112K
  class space    used 2000K, committed 2240K, reserved 1048576K
}
Event: 72000.760 GC heap before
{Heap before GC invocations=21 (full 19):
 garbage-first heap   total 131072K, used 17756K [0x0000000080000000, 0x0000000100000000)
  region size 1024K, 7 young (7168K), 0 survivors (0K)
 Metaspace       used 18234K, committed 19008K, reserved 1114112K
  class space    used 2000K, committed 2240K, reserved 1048576K
}
Event: 72000.796 GC heap after
{Heap after GC invocations=22 (full 20):
 garbage-first heap   total 131072K, used 11612K [0x0000000080000000, 0x0000000100000000)
  region size 1024K, 0 young (0K), 0 survivors (0K)
 Metaspace       used 18234K, committed 19008K, reserved 1114112K
  class space    used 2000K, committed 2240K, reserved 1048576K
}
Event: 75600.809 GC heap before
{Heap before GC invocations=22 (full 20):
 garbage-first heap   total 131072K, used 17756K [0x0000000080000000, 0x0000000100000000)
  region size 1024K, 7 young (7168K), 0 survivors (0K)
 Metaspace       used 18260K, committed 19008K, reserved 1114112K
  class space    used 2000K, committed 2240K, reserved 1048576K
}
Event: 75600.829 GC heap after
{Heap after GC invocations=23 (full 21):
 garbage-first heap   total 131072K, used 11613K [0x0000000080000000, 0x0000000100000000)
  region size 1024K, 0 young (0K), 0 survivors (0K)
 Metaspace       used 18260K, committed 19008K, reserved 1114112K
  class space    used 2000K, committed 2240K, reserved 1048576K
}
Event: 79200.839 GC heap before
{Heap before GC invocations=23 (full 21):
 garbage-first heap   total 131072K, used 17757K [0x0000000080000000, 0x0000000100000000)
  region size 1024K, 7 young (7168K), 0 survivors (0K)
 Metaspace       used 18347K, committed 19136K, reserved 1114112K
  class space    used 2000K, committed 2240K, reserved 1048576K
}
Event: 79200.860 GC heap after
{Heap after GC invocations=24 (full 22):
 garbage-first heap   total 131072K, used 11616K [0x0000000080000000, 0x0000000100000000)
  region size 1024K, 0 young (0K), 0 survivors (0K)
 Metaspace       used 18347K, committed 19136K, reserved 1114112K
  class space    used 2000K, committed 2240K, reserved 1048576K
}
Event: 82800.866 GC heap before
{Heap before GC invocations=24 (full 22):
 garbage-first heap   total 131072K, used 17760K [0x0000000080000000, 0x0000000100000000)
  region size 1024K, 7 young (7168K), 0 survivors (0K)
 Metaspace       used 18347K, committed 19136K, reserved 1114112K
  class space    used 2000K, committed 2240K, reserved 1048576K
}
Event: 82800.877 GC heap after
{Heap after GC invocations=25 (full 23):
 garbage-first heap   total 131072K, used 11615K [0x0000000080000000, 0x0000000100000000)
  region size 1024K, 0 young (0K), 0 survivors (0K)
 Metaspace       used 18347K, committed 19136K, reserved 1114112K
  class space    used 2000K, committed 2240K, reserved 1048576K
}
Event: 86400.889 GC heap before
{Heap before GC invocations=25 (full 23):
 garbage-first heap   total 131072K, used 17759K [0x0000000080000000, 0x0000000100000000)
  region size 1024K, 7 young (7168K), 0 survivors (0K)
 Metaspace       used 18347K, committed 19136K, reserved 1114112K
  class space    used 2000K, committed 2240K, reserved 1048576K
}
Event: 86400.927 GC heap after
{Heap after GC invocations=26 (full 24):
 garbage-first heap   total 131072K, used 11615K [0x0000000080000000, 0x0000000100000000)
  region size 1024K, 0 young (0K), 0 survivors (0K)
 Metaspace       used 18347K, committed 19136K, reserved 1114112K
  class space    used 2000K, committed 2240K, reserved 1048576K
}
Event: 90000.937 GC heap before
{Heap before GC invocations=26 (full 24):
 garbage-first heap   total 131072K, used 17759K [0x0000000080000000, 0x0000000100000000)
  region size 1024K, 7 young (7168K), 0 survivors (0K)
 Metaspace       used 18351K, committed 19136K, reserved 1114112K
  class space    used 2000K, committed 2240K, reserved 1048576K
}
Event: 90000.969 GC heap after
{Heap after GC invocations=27 (full 25):
 garbage-first heap   total 131072K, used 11616K [0x0000000080000000, 0x0000000100000000)
  region size 1024K, 0 young (0K), 0 survivors (0K)
 Metaspace       used 18351K, committed 19136K, reserved 1114112K
  class space    used 2000K, committed 2240K, reserved 1048576K
}
Event: 93600.982 GC heap before
{Heap before GC invocations=27 (full 25):
 garbage-first heap   total 131072K, used 17760K [0x0000000080000000, 0x0000000100000000)
  region size 1024K, 7 young (7168K), 0 survivors (0K)
 Metaspace       used 18351K, committed 19136K, reserved 1114112K
  class space    used 2000K, committed 2240K, reserved 1048576K
}
Event: 93601.013 GC heap after
{Heap after GC invocations=28 (full 26):
 garbage-first heap   total 131072K, used 11616K [0x0000000080000000, 0x0000000100000000)
  region size 1024K, 0 young (0K), 0 survivors (0K)
 Metaspace       used 18351K, committed 19136K, reserved 1114112K
  class space    used 2000K, committed 2240K, reserved 1048576K
}
Event: 97201.020 GC heap before
{Heap before GC invocations=28 (full 26):
 garbage-first heap   total 131072K, used 17760K [0x0000000080000000, 0x0000000100000000)
  region size 1024K, 7 young (7168K), 0 survivors (0K)
 Metaspace       used 18351K, committed 19136K, reserved 1114112K
  class space    used 2000K, committed 2240K, reserved 1048576K
}

Dll operation events (2 events):
Event: 0.019 Loaded shared library D:\1111kaoyan111111111111111111111111111111\go\GoLand 2025.1.1\jbr\bin\java.dll
Event: 0.077 Loaded shared library D:\1111kaoyan111111111111111111111111111111\go\GoLand 2025.1.1\jbr\bin\zip.dll

Deoptimization events (20 events):
Event: 27328.031 Thread 0x000001c1729a24e0 Uncommon trap: trap_request=0xffffffd6 fr.pc=0x000001c160b7a9dc relative=0x00000000000004bc
Event: 27328.031 Thread 0x000001c1729a24e0 Uncommon trap: reason=array_check action=maybe_recompile pc=0x000001c160b7a9dc method=java.util.concurrent.ScheduledThreadPoolExecutor$DelayedWorkQueue.siftDown(ILjava/util/concurrent/RunnableScheduledFuture;)V @ 93 c2
Event: 27328.031 Thread 0x000001c1729a24e0 DEOPT PACKING pc=0x000001c160b7a9dc sp=0x000000462a9ff0b0
Event: 27328.037 Thread 0x000001c1729a24e0 DEOPT UNPACKING pc=0x000001c1602d46a2 sp=0x000000462a9ff058 mode 2
Event: 27337.034 Thread 0x000001c1729a24e0 Uncommon trap: trap_request=0xffffffd6 fr.pc=0x000001c160b7a9dc relative=0x00000000000004bc
Event: 27337.034 Thread 0x000001c1729a24e0 Uncommon trap: reason=array_check action=maybe_recompile pc=0x000001c160b7a9dc method=java.util.concurrent.ScheduledThreadPoolExecutor$DelayedWorkQueue.siftDown(ILjava/util/concurrent/RunnableScheduledFuture;)V @ 93 c2
Event: 27337.034 Thread 0x000001c1729a24e0 DEOPT PACKING pc=0x000001c160b7a9dc sp=0x000000462a9ff0b0
Event: 27337.034 Thread 0x000001c1729a24e0 DEOPT UNPACKING pc=0x000001c1602d46a2 sp=0x000000462a9ff058 mode 2
Event: 27346.053 Thread 0x000001c1729a24e0 Uncommon trap: trap_request=0xffffffd6 fr.pc=0x000001c160b7a9dc relative=0x00000000000004bc
Event: 27346.053 Thread 0x000001c1729a24e0 Uncommon trap: reason=array_check action=maybe_recompile pc=0x000001c160b7a9dc method=java.util.concurrent.ScheduledThreadPoolExecutor$DelayedWorkQueue.siftDown(ILjava/util/concurrent/RunnableScheduledFuture;)V @ 93 c2
Event: 27346.053 Thread 0x000001c1729a24e0 DEOPT PACKING pc=0x000001c160b7a9dc sp=0x000000462a9ff0b0
Event: 27346.053 Thread 0x000001c1729a24e0 DEOPT UNPACKING pc=0x000001c1602d46a2 sp=0x000000462a9ff058 mode 2
Event: 28030.743 Thread 0x000001c1729a24e0 Uncommon trap: trap_request=0xffffffd6 fr.pc=0x000001c160b7979c relative=0x00000000000005fc
Event: 28030.743 Thread 0x000001c1729a24e0 Uncommon trap: reason=array_check action=maybe_recompile pc=0x000001c160b7979c method=java.util.concurrent.ScheduledThreadPoolExecutor$DelayedWorkQueue.siftDown(ILjava/util/concurrent/RunnableScheduledFuture;)V @ 112 c2
Event: 28030.743 Thread 0x000001c1729a24e0 DEOPT PACKING pc=0x000001c160b7979c sp=0x000000462a9ff0b0
Event: 28030.743 Thread 0x000001c1729a24e0 DEOPT UNPACKING pc=0x000001c1602d46a2 sp=0x000000462a9ff058 mode 2
Event: 28039.764 Thread 0x000001c1729a24e0 Uncommon trap: trap_request=0xffffffd6 fr.pc=0x000001c160b7979c relative=0x00000000000005fc
Event: 28039.764 Thread 0x000001c1729a24e0 Uncommon trap: reason=array_check action=maybe_recompile pc=0x000001c160b7979c method=java.util.concurrent.ScheduledThreadPoolExecutor$DelayedWorkQueue.siftDown(ILjava/util/concurrent/RunnableScheduledFuture;)V @ 112 c2
Event: 28039.764 Thread 0x000001c1729a24e0 DEOPT PACKING pc=0x000001c160b7979c sp=0x000000462a9ff0b0
Event: 28039.764 Thread 0x000001c1729a24e0 DEOPT UNPACKING pc=0x000001c1602d46a2 sp=0x000000462a9ff058 mode 2

Classes loaded (20 events):
Event: 1.449 Loading class java/util/regex/Pattern$Pos
Event: 1.449 Loading class java/util/regex/Pattern$Pos done
Event: 1.977 Loading class java/io/ObjectOutputStream$PutFieldImpl
Event: 1.977 Loading class java/io/ObjectOutputStream$PutField
Event: 1.977 Loading class java/io/ObjectOutputStream$PutField done
Event: 1.977 Loading class java/io/ObjectOutputStream$PutFieldImpl done
Event: 1.977 Loading class java/math/BigDecimal$UnsafeHolder
Event: 1.977 Loading class java/math/BigDecimal$UnsafeHolder done
Event: 2.281 Loading class sun/security/ssl/Alert
Event: 2.282 Loading class sun/security/ssl/Alert done
Event: 2.282 Loading class sun/security/ssl/Alert$AlertConsumer
Event: 2.282 Loading class sun/security/ssl/Alert$AlertConsumer done
Event: 2.282 Loading class sun/security/ssl/Alert$Level
Event: 2.282 Loading class sun/security/ssl/Alert$Level done
Event: 2.283 Loading class java/io/InterruptedIOException
Event: 2.283 Loading class java/io/InterruptedIOException done
Event: 2.283 Loading class java/lang/StackTraceElement$HashedModules
Event: 2.283 Loading class java/lang/StackTraceElement$HashedModules done
Event: 15.734 Loading class java/util/ArrayList$ListItr
Event: 15.735 Loading class java/util/ArrayList$ListItr done

Classes unloaded (20 events):
Event: 7200.133 Thread 0x000001c16de43980 Unloading class 0x000001c101092000 'java/lang/invoke/LambdaForm$MH+0x000001c101092000'
Event: 7200.133 Thread 0x000001c16de43980 Unloading class 0x000001c101091800 'java/lang/invoke/LambdaForm$MH+0x000001c101091800'
Event: 7200.133 Thread 0x000001c16de43980 Unloading class 0x000001c101090c00 'java/lang/invoke/LambdaForm$MH+0x000001c101090c00'
Event: 7200.133 Thread 0x000001c16de43980 Unloading class 0x000001c101090800 'java/lang/invoke/LambdaForm$MH+0x000001c101090800'
Event: 7200.133 Thread 0x000001c16de43980 Unloading class 0x000001c101090000 'java/lang/invoke/LambdaForm$MH+0x000001c101090000'
Event: 7200.133 Thread 0x000001c16de43980 Unloading class 0x000001c10108f800 'java/lang/invoke/LambdaForm$DMH+0x000001c10108f800'
Event: 7200.133 Thread 0x000001c16de43980 Unloading class 0x000001c10108f000 'java/lang/invoke/LambdaForm$DMH+0x000001c10108f000'
Event: 7200.133 Thread 0x000001c16de43980 Unloading class 0x000001c10108dc00 'java/lang/invoke/LambdaForm$MH+0x000001c10108dc00'
Event: 7200.133 Thread 0x000001c16de43980 Unloading class 0x000001c10108d800 'java/lang/invoke/LambdaForm$MH+0x000001c10108d800'
Event: 7200.133 Thread 0x000001c16de43980 Unloading class 0x000001c10108a000 'java/lang/invoke/LambdaForm$MH+0x000001c10108a000'
Event: 7200.133 Thread 0x000001c16de43980 Unloading class 0x000001c101088400 'java/lang/invoke/LambdaForm$MH+0x000001c101088400'
Event: 7200.133 Thread 0x000001c16de43980 Unloading class 0x000001c101088000 'java/lang/invoke/LambdaForm$MH+0x000001c101088000'
Event: 7200.133 Thread 0x000001c16de43980 Unloading class 0x000001c101086000 'java/lang/invoke/LambdaForm$DMH+0x000001c101086000'
Event: 7200.133 Thread 0x000001c16de43980 Unloading class 0x000001c101085800 'java/lang/invoke/LambdaForm$DMH+0x000001c101085800'
Event: 7200.133 Thread 0x000001c16de43980 Unloading class 0x000001c101085000 'java/lang/invoke/LambdaForm$DMH+0x000001c101085000'
Event: 7200.133 Thread 0x000001c16de43980 Unloading class 0x000001c101083400 'java/lang/invoke/LambdaForm$MH+0x000001c101083400'
Event: 7200.133 Thread 0x000001c16de43980 Unloading class 0x000001c101083000 'java/lang/invoke/LambdaForm$MH+0x000001c101083000'
Event: 7200.133 Thread 0x000001c16de43980 Unloading class 0x000001c101081000 'java/lang/invoke/LambdaForm$MH+0x000001c101081000'
Event: 7200.133 Thread 0x000001c16de43980 Unloading class 0x000001c101080000 'java/lang/invoke/LambdaForm$DMH+0x000001c101080000'
Event: 7200.133 Thread 0x000001c16de43980 Unloading class 0x000001c101004400 'java/lang/invoke/LambdaForm$MH+0x000001c101004400'

Classes redefined (0 events):
No events

Internal exceptions (20 events):
Event: 1.316 Thread 0x000001c1729a79c0 Exception <a 'java/lang/NoSuchMethodError'{0x0000000086d88c98}: 'int java.lang.invoke.DirectMethodHandle$Holder.invokeSpecial(java.lang.Object, java.lang.Object, java.lang.Object, int)'> (0x0000000086d88c98) 
thrown [s\src\hotspot\share\interpreter\linkResolver.cpp, line 784]
Event: 1.317 Thread 0x000001c1729a79c0 Exception <a 'java/lang/NoSuchMethodError'{0x0000000086d9af38}: 'java.lang.Object java.lang.invoke.DirectMethodHandle$Holder.invokeStatic(java.lang.Object, java.lang.Object, java.lang.Object, java.lang.Object, int)'> (0x0000000086d9af38) 
thrown [s\src\hotspot\share\interpreter\linkResolver.cpp, line 784]
Event: 1.328 Thread 0x000001c1729a79c0 Exception <a 'java/lang/NoSuchMethodError'{0x0000000086dc6848}: 'void java.lang.invoke.DirectMethodHandle$Holder.invokeInterface(java.lang.Object, java.lang.Object, int)'> (0x0000000086dc6848) 
thrown [s\src\hotspot\share\interpreter\linkResolver.cpp, line 784]
Event: 1.328 Thread 0x000001c1729a79c0 Exception <a 'java/lang/NoSuchMethodError'{0x0000000086dca6d0}: 'void java.lang.invoke.DelegatingMethodHandle$Holder.reinvoke_L(java.lang.Object, java.lang.Object, int)'> (0x0000000086dca6d0) 
thrown [s\src\hotspot\share\interpreter\linkResolver.cpp, line 784]
Event: 1.403 Thread 0x000001c1729a79c0 Exception <a 'java/lang/NoSuchMethodError'{0x0000000086baca30}: 'java.lang.Object java.lang.invoke.DirectMethodHandle$Holder.invokeInterface(java.lang.Object, java.lang.Object, int)'> (0x0000000086baca30) 
thrown [s\src\hotspot\share\interpreter\linkResolver.cpp, line 784]
Event: 1.416 Thread 0x000001c1729a79c0 Exception <a 'java/lang/NoSuchMethodError'{0x0000000086be6c50}: 'void java.lang.invoke.DirectMethodHandle$Holder.invokeInterface(java.lang.Object, java.lang.Object)'> (0x0000000086be6c50) 
thrown [s\src\hotspot\share\interpreter\linkResolver.cpp, line 784]
Event: 1.450 Thread 0x000001c1729a79c0 Exception <a 'java/lang/NoSuchMethodError'{0x0000000086aeb718}: static Lcom/intellij/database/remote/jdba/core/ConnectionInfo;.<clinit>()V> (0x0000000086aeb718) 
thrown [s\src\hotspot\share\prims\jni.cpp, line 1139]
Event: 1.450 Thread 0x000001c1729a79c0 Exception <a 'java/lang/NoSuchMethodError'{0x0000000086af6270}: static Ljava/lang/Object;.<clinit>()V> (0x0000000086af6270) 
thrown [s\src\hotspot\share\prims\jni.cpp, line 1139]
Event: 1.450 Thread 0x000001c1729a79c0 Exception <a 'java/lang/NoSuchMethodError'{0x0000000086afa850}: static [I.<clinit>()V> (0x0000000086afa850) 
thrown [s\src\hotspot\share\prims\jni.cpp, line 1139]
Event: 1.466 Thread 0x000001c1729a79c0 Exception <a 'java/lang/NoSuchMethodError'{0x000000008691ede0}: 'java.lang.Object java.lang.invoke.DirectMethodHandle$Holder.invokeInterface(java.lang.Object, java.lang.Object, java.lang.Object, java.lang.Object)'> (0x000000008691ede0) 
thrown [s\src\hotspot\share\interpreter\linkResolver.cpp, line 784]
Event: 1.496 Thread 0x000001c1729a79c0 Exception <a 'java/lang/NoSuchMethodError'{0x0000000086525b78}: static Lcom/intellij/database/remote/jdba/core/ResultLayout;.<clinit>()V> (0x0000000086525b78) 
thrown [s\src\hotspot\share\prims\jni.cpp, line 1139]
Event: 1.497 Thread 0x000001c1729a79c0 Exception <a 'java/lang/NoSuchMethodError'{0x0000000086532d40}: static Lcom/intellij/database/remote/jdba/core/RowLayout;.<clinit>()V> (0x0000000086532d40) 
thrown [s\src\hotspot\share\prims\jni.cpp, line 1139]
Event: 1.498 Thread 0x000001c1729a79c0 Exception <a 'java/lang/NoSuchMethodError'{0x000000008653ee28}: static Lcom/intellij/database/remote/jdba/util/NameAndClass;.<clinit>()V> (0x000000008653ee28) 
thrown [s\src\hotspot\share\prims\jni.cpp, line 1139]
Event: 1.498 Thread 0x000001c1729a79c0 Exception <a 'java/lang/NoSuchMethodError'{0x0000000086541b38}: 'java.lang.Object java.lang.invoke.DirectMethodHandle$Holder.invokeInterface(java.lang.Object, java.lang.Object, int, java.lang.Object)'> (0x0000000086541b38) 
thrown [s\src\hotspot\share\interpreter\linkResolver.cpp, line 784]
Event: 1.498 Thread 0x000001c1729a79c0 Exception <a 'java/lang/NoSuchMethodError'{0x0000000086545cd8}: 'java.lang.Object java.lang.invoke.DirectMethodHandle$Holder.invokeSpecial(java.lang.Object, java.lang.Object, java.lang.Object, int, java.lang.Object)'> (0x0000000086545cd8) 
thrown [s\src\hotspot\share\interpreter\linkResolver.cpp, line 784]
Event: 1.564 Thread 0x000001c1729a79c0 Exception <a 'java/lang/NoSuchMethodError'{0x00000000865f9e78}: static [Ljava/lang/String;.<clinit>()V> (0x00000000865f9e78) 
thrown [s\src\hotspot\share\prims\jni.cpp, line 1139]
Event: 1.617 Thread 0x000001c1729a79c0 Exception <a 'java/lang/NoSuchMethodError'{0x00000000864969c8}: static [Ljava/lang/Object;.<clinit>()V> (0x00000000864969c8) 
thrown [s\src\hotspot\share\prims\jni.cpp, line 1139]
Event: 2.283 Thread 0x000001c1729a79c0 Exception <a 'java/io/IOException'{0x0000000087a512f8}> (0x0000000087a512f8) 
thrown [s\src\hotspot\share\prims\jni.cpp, line 535]
Event: 300.722 Thread 0x000001c1729a6610 Implicit null exception at 0x000001c160b20783 to 0x000001c160b20e28
Event: 300.722 Thread 0x000001c1729a6610 Implicit null exception at 0x000001c160afaaf5 to 0x000001c160afabb4

ZGC Phase Switch (0 events):
No events

VM Operations (20 events):
Event: 75319.472 Executing VM operation: Cleanup done
Event: 75600.809 Executing VM operation: G1CollectFull (System.gc())
Event: 75600.829 Executing VM operation: G1CollectFull (System.gc()) done
Event: 76504.683 Executing VM operation: Cleanup
Event: 76504.683 Executing VM operation: Cleanup done
Event: 76519.801 Executing VM operation: Cleanup
Event: 76519.801 Executing VM operation: Cleanup done
Event: 76803.946 Executing VM operation: Cleanup
Event: 76803.946 Executing VM operation: Cleanup done
Event: 79200.839 Executing VM operation: G1CollectFull (System.gc())
Event: 79200.860 Executing VM operation: G1CollectFull (System.gc()) done
Event: 82800.866 Executing VM operation: G1CollectFull (System.gc())
Event: 82800.877 Executing VM operation: G1CollectFull (System.gc()) done
Event: 86400.887 Executing VM operation: G1CollectFull (System.gc())
Event: 86400.927 Executing VM operation: G1CollectFull (System.gc()) done
Event: 90000.936 Executing VM operation: G1CollectFull (System.gc())
Event: 90000.969 Executing VM operation: G1CollectFull (System.gc()) done
Event: 93600.982 Executing VM operation: G1CollectFull (System.gc())
Event: 93601.013 Executing VM operation: G1CollectFull (System.gc()) done
Event: 97201.017 Executing VM operation: G1CollectFull (System.gc())

Memory protections (0 events):
No events

Nmethod flushes (20 events):
Event: 50400.600 Thread 0x000001c16de43980 flushing  nmethod 0x000001c15949f210
Event: 54000.624 Thread 0x000001c16de43980 flushing  nmethod 0x000001c1594a2d90
Event: 54000.624 Thread 0x000001c16de43980 flushing  nmethod 0x000001c1594a8090
Event: 54000.624 Thread 0x000001c16de43980 flushing  nmethod 0x000001c1594d4310
Event: 54000.624 Thread 0x000001c16de43980 flushing  nmethod 0x000001c159497b90
Event: 54000.624 Thread 0x000001c16de43980 flushing  nmethod 0x000001c1594c0b90
Event: 54000.624 Thread 0x000001c16de43980 flushing  nmethod 0x000001c1594c3710
Event: 54000.624 Thread 0x000001c16de43980 flushing  nmethod 0x000001c1594cdf90
Event: 57600.640 Thread 0x000001c16de43980 flushing  nmethod 0x000001c158ebf690
Event: 57600.640 Thread 0x000001c16de43980 flushing  nmethod 0x000001c158eeff90
Event: 57600.640 Thread 0x000001c16de43980 flushing  nmethod 0x000001c158f28610
Event: 57600.640 Thread 0x000001c16de43980 flushing  nmethod 0x000001c159134d90
Event: 61200.663 Thread 0x000001c16de43980 flushing  nmethod 0x000001c15931d490
Event: 61200.663 Thread 0x000001c16de43980 flushing  nmethod 0x000001c159329690
Event: 64800.686 Thread 0x000001c16de43980 flushing  nmethod 0x000001c158efad90
Event: 68400.748 Thread 0x000001c16de43980 flushing  nmethod 0x000001c158fee790
Event: 68400.748 Thread 0x000001c16de43980 flushing  nmethod 0x000001c159447b90
Event: 72000.788 Thread 0x000001c16de43980 flushing  nmethod 0x000001c159322d90
Event: 75600.822 Thread 0x000001c16de43980 flushing  nmethod 0x000001c158fefc10
Event: 75600.822 Thread 0x000001c16de43980 flushing  nmethod 0x000001c159322610

Events (20 events):
Event: 0.645 Thread 0x000001c17261d030 Thread added: 0x000001c1729a24e0
Event: 0.661 Thread 0x000001c172701240 Thread added: 0x000001c1729a4bd0
Event: 0.661 Thread 0x000001c172701240 Thread added: 0x000001c1729a79c0
Event: 0.716 Thread 0x000001c1729a79c0 Thread added: 0x000001c1729a6610
Event: 1.028 Loaded shared library D:\1111kaoyan111111111111111111111111111111\go\GoLand 2025.1.1\jbr\bin\sunmscapi.dll
Event: 1.078 Thread 0x000001c16de8a4e0 Thread added: 0x000001c16de89070
Event: 7.295 Thread 0x000001c16de89070 Thread exited: 0x000001c16de89070
Event: 7.295 Thread 0x000001c16de8b950 Thread exited: 0x000001c16de8b950
Event: 7.295 Thread 0x000001c16de89e10 Thread exited: 0x000001c16de89e10
Event: 12.299 Thread 0x000001c16de8b280 Thread exited: 0x000001c16de8b280
Event: 12.299 Thread 0x000001c16de8a4e0 Thread exited: 0x000001c16de8a4e0
Event: 17.301 Thread 0x000001c16de8abb0 Thread exited: 0x000001c16de8abb0
Event: 75.682 Thread 0x000001c1729a4bd0 Thread exited: 0x000001c1729a4bd0
Event: 90.659 Thread 0x000001c17261c9d0 Thread exited: 0x000001c17261c9d0
Event: 132.252 Thread 0x000001c1729a79c0 Thread added: 0x000001c1729a8050
Event: 132.252 Thread 0x000001c1729a79c0 Thread added: 0x000001c1729a4bd0
Event: 132.253 Thread 0x000001c1729a8050 Thread exited: 0x000001c1729a8050
Event: 132.253 Thread 0x000001c1729a4bd0 Thread exited: 0x000001c1729a4bd0
Event: 23622.595 Thread 0x000001c16de85670 Thread added: 0x000001c16de8b950
Event: 23627.600 Thread 0x000001c16de8b950 Thread exited: 0x000001c16de8b950


Dynamic libraries:
0x00007ff6e7da0000 - 0x00007ff6e7daa000 	D:\1111kaoyan111111111111111111111111111111\go\GoLand 2025.1.1\jbr\bin\java.exe
0x00007ffd08b20000 - 0x00007ffd08d89000 	C:\WINDOWS\SYSTEM32\ntdll.dll
0x00007ffd06fa0000 - 0x00007ffd07069000 	C:\WINDOWS\System32\KERNEL32.DLL
0x00007ffd060d0000 - 0x00007ffd064c3000 	C:\WINDOWS\System32\KERNELBASE.dll
0x00007ffd06630000 - 0x00007ffd0677b000 	C:\WINDOWS\System32\ucrtbase.dll
0x00007ffce9860000 - 0x00007ffce987b000 	D:\1111kaoyan111111111111111111111111111111\go\GoLand 2025.1.1\jbr\bin\VCRUNTIME140.dll
0x00007ffcd6d30000 - 0x00007ffcd6d48000 	D:\1111kaoyan111111111111111111111111111111\go\GoLand 2025.1.1\jbr\bin\jli.dll
0x00007ffd07070000 - 0x00007ffd07234000 	C:\WINDOWS\System32\USER32.dll
0x00007ffd06600000 - 0x00007ffd06627000 	C:\WINDOWS\System32\win32u.dll
0x00007ffd08ab0000 - 0x00007ffd08adb000 	C:\WINDOWS\System32\GDI32.dll
0x00007ffce7620000 - 0x00007ffce78b3000 	C:\WINDOWS\WinSxS\amd64_microsoft.windows.common-controls_6595b64144ccf1df_6.0.26100.5074_none_3e0d6f78e32fd63f\COMCTL32.dll
0x00007ffd064d0000 - 0x00007ffd065fd000 	C:\WINDOWS\System32\gdi32full.dll
0x00007ffd08680000 - 0x00007ffd08729000 	C:\WINDOWS\System32\msvcrt.dll
0x00007ffd05f60000 - 0x00007ffd06003000 	C:\WINDOWS\System32\msvcp_win.dll
0x00007ffd06f60000 - 0x00007ffd06f8f000 	C:\WINDOWS\System32\IMM32.DLL
0x00007ffcef580000 - 0x00007ffcef58c000 	D:\1111kaoyan111111111111111111111111111111\go\GoLand 2025.1.1\jbr\bin\vcruntime140_1.dll
0x00007ffc955f0000 - 0x00007ffc9567d000 	D:\1111kaoyan111111111111111111111111111111\go\GoLand 2025.1.1\jbr\bin\msvcp140.dll
0x00007ffc34b60000 - 0x00007ffc35921000 	D:\1111kaoyan111111111111111111111111111111\go\GoLand 2025.1.1\jbr\bin\server\jvm.dll
0x00007ffd06c90000 - 0x00007ffd06d44000 	C:\WINDOWS\System32\ADVAPI32.dll
0x00007ffd08730000 - 0x00007ffd087d6000 	C:\WINDOWS\System32\sechost.dll
0x00007ffd06970000 - 0x00007ffd06a88000 	C:\WINDOWS\System32\RPCRT4.dll
0x00007ffd07d90000 - 0x00007ffd07e04000 	C:\WINDOWS\System32\WS2_32.dll
0x00007ffd05b10000 - 0x00007ffd05b6e000 	C:\WINDOWS\SYSTEM32\POWRPROF.dll
0x00007ffcf7390000 - 0x00007ffcf73c5000 	C:\WINDOWS\SYSTEM32\WINMM.dll
0x00007ffcff030000 - 0x00007ffcff03b000 	C:\WINDOWS\SYSTEM32\VERSION.dll
0x00007ffd05af0000 - 0x00007ffd05b04000 	C:\WINDOWS\SYSTEM32\UMPDC.dll
0x00007ffd04a70000 - 0x00007ffd04a8b000 	C:\WINDOWS\SYSTEM32\kernel.appcore.dll
0x00007ffce9740000 - 0x00007ffce974a000 	D:\1111kaoyan111111111111111111111111111111\go\GoLand 2025.1.1\jbr\bin\jimage.dll
0x00007ffd03100000 - 0x00007ffd03342000 	C:\WINDOWS\SYSTEM32\DBGHELP.DLL
0x00007ffd072b0000 - 0x00007ffd0762b000 	C:\WINDOWS\System32\combase.dll
0x00007ffd07680000 - 0x00007ffd07757000 	C:\WINDOWS\System32\OLEAUT32.dll
0x00007ffce0270000 - 0x00007ffce02ad000 	C:\WINDOWS\SYSTEM32\dbgcore.DLL
0x00007ffd05ec0000 - 0x00007ffd05f59000 	C:\WINDOWS\System32\bcryptPrimitives.dll
0x00007ffcd7020000 - 0x00007ffcd7040000 	D:\1111kaoyan111111111111111111111111111111\go\GoLand 2025.1.1\jbr\bin\java.dll
0x00007ffd07f30000 - 0x00007ffd0867d000 	C:\WINDOWS\System32\SHELL32.dll
0x00007ffd06780000 - 0x00007ffd068ec000 	C:\WINDOWS\System32\wintypes.dll
0x00007ffd038f0000 - 0x00007ffd04149000 	C:\WINDOWS\SYSTEM32\windows.storage.dll
0x00007ffd06b00000 - 0x00007ffd06bf0000 	C:\WINDOWS\System32\SHCORE.dll
0x00007ffd07240000 - 0x00007ffd072a2000 	C:\WINDOWS\System32\shlwapi.dll
0x00007ffd05bd0000 - 0x00007ffd05bf9000 	C:\WINDOWS\SYSTEM32\profapi.dll
0x00007ffcd6d10000 - 0x00007ffcd6d28000 	D:\1111kaoyan111111111111111111111111111111\go\GoLand 2025.1.1\jbr\bin\zip.dll
0x00007ffce91c0000 - 0x00007ffce91d0000 	D:\1111kaoyan111111111111111111111111111111\go\GoLand 2025.1.1\jbr\bin\net.dll
0x00007ffcfba50000 - 0x00007ffcfbb6f000 	C:\WINDOWS\SYSTEM32\WINHTTP.dll
0x00007ffd05010000 - 0x00007ffd0507b000 	C:\WINDOWS\system32\mswsock.dll
0x00007ffcd6cf0000 - 0x00007ffcd6d06000 	D:\1111kaoyan111111111111111111111111111111\go\GoLand 2025.1.1\jbr\bin\nio.dll
0x00007ffd045b0000 - 0x00007ffd045e4000 	C:\WINDOWS\SYSTEM32\IPHLPAPI.DLL
0x00007ffd06f40000 - 0x00007ffd06f4a000 	C:\WINDOWS\System32\NSI.dll
0x00007ffd052c0000 - 0x00007ffd052db000 	C:\WINDOWS\SYSTEM32\CRYPTSP.dll
0x00007ffd049d0000 - 0x00007ffd04a0b000 	C:\WINDOWS\system32\rsaenh.dll
0x00007ffd050b0000 - 0x00007ffd050db000 	C:\WINDOWS\SYSTEM32\USERENV.dll
0x00007ffd05ba0000 - 0x00007ffd05bc6000 	C:\WINDOWS\SYSTEM32\bcrypt.dll
0x00007ffd052b0000 - 0x00007ffd052bc000 	C:\WINDOWS\SYSTEM32\CRYPTBASE.dll
0x00007ffcd7010000 - 0x00007ffcd7019000 	D:\1111kaoyan111111111111111111111111111111\go\GoLand 2025.1.1\jbr\bin\extnet.dll
0x00007ffcfe300000 - 0x00007ffcfe307000 	D:\1111kaoyan111111111111111111111111111111\go\GoLand 2025.1.1\jbr\bin\rmi.dll
0x00007ffd045f0000 - 0x00007ffd04716000 	C:\WINDOWS\SYSTEM32\DNSAPI.dll
0x00007ffcee540000 - 0x00007ffcee54b000 	C:\Windows\System32\rasadhlp.dll
0x00007ffcf7250000 - 0x00007ffcf72d6000 	C:\WINDOWS\System32\fwpuclnt.dll
0x00007ffcde2c0000 - 0x00007ffcde2ce000 	D:\1111kaoyan111111111111111111111111111111\go\GoLand 2025.1.1\jbr\bin\sunmscapi.dll
0x00007ffd05cb0000 - 0x00007ffd05e27000 	C:\WINDOWS\System32\CRYPT32.dll
0x00007ffd054d0000 - 0x00007ffd05500000 	C:\WINDOWS\SYSTEM32\ncrypt.dll
0x00007ffd05480000 - 0x00007ffd054bf000 	C:\WINDOWS\SYSTEM32\NTASN1.dll

dbghelp: loaded successfully - version: 4.0.5 - missing functions: none
symbol engine: initialized successfully - sym options: 0x614 - pdb path: .;D:\1111kaoyan111111111111111111111111111111\go\GoLand 2025.1.1\jbr\bin;C:\WINDOWS\SYSTEM32;C:\WINDOWS\WinSxS\amd64_microsoft.windows.common-controls_6595b64144ccf1df_6.0.26100.5074_none_3e0d6f78e32fd63f;D:\1111kaoyan111111111111111111111111111111\go\GoLand 2025.1.1\jbr\bin\server

VM Arguments:
jvm_args: -Djava.rmi.server.hostname=127.0.0.1 -Duser.timezone=UTC -Xmx2048m -Xms128m -Djdbc.classpath=C:\Users\20839\AppData\Local\Temp\RemoteDriver.classpath.txt --add-exports=java.desktop/sun.awt=ALL-UNNAMED --add-exports=java.desktop/java.awt.peer=ALL-UNNAMED --add-opens=java.desktop/java.awt=ALL-UNNAMED --add-opens=jdk.unsupported/sun.misc=ALL-UNNAMED --add-opens=java.base/java.nio=ALL-UNNAMED --add-opens=java.base/java.util=ALL-UNNAMED -Dfile.encoding=UTF-8 -Dsun.stdout.encoding=UTF-8 -Dsun.stderr.encoding=UTF-8 
java_command: com.intellij.database.remote.RemoteJdbcServer com.mysql.cj.jdbc.Driver
java_class_path (initial): D:\1111kaoyan111111111111111111111111111111\go\GoLand 2025.1.1\lib\util_rt.jar;D:\1111kaoyan111111111111111111111111111111\go\GoLand 2025.1.1\lib\util-8.jar;D:\1111kaoyan111111111111111111111111111111\go\GoLand 2025.1.1\lib\groovy.jar;D:\1111kaoyan111111111111111111111111111111\go\GoLand 2025.1.1\plugins\DatabaseTools\lib\jdbc-console.jar;D:\1111kaoyan111111111111111111111111111111\go\GoLand 2025.1.1\lib\modules\intellij.grid.types.jar;D:\1111kaoyan111111111111111111111111111111\go\GoLand 2025.1.1\lib\util.jar;D:\1111kaoyan111111111111111111111111111111\go\GoLand 2025.1.1\lib\bouncy-castle.jar
Launcher Type: SUN_STANDARD

[Global flags]
     intx CICompilerCount                          = 12                                        {product} {ergonomic}
     uint ConcGCThreads                            = 3                                         {product} {ergonomic}
     uint G1ConcRefinementThreads                  = 13                                        {product} {ergonomic}
   size_t G1HeapRegionSize                         = 1048576                                   {product} {ergonomic}
    uintx GCDrainStackTargetSize                   = 64                                        {product} {ergonomic}
   size_t InitialHeapSize                          = 134217728                                 {product} {command line}
   size_t MarkStackSize                            = 4194304                                   {product} {ergonomic}
   size_t MaxHeapSize                              = 2147483648                                {product} {command line}
   size_t MaxNewSize                               = 1287651328                                {product} {ergonomic}
   size_t MinHeapDeltaBytes                        = 1048576                                   {product} {ergonomic}
   size_t MinHeapSize                              = 134217728                                 {product} {command line}
    uintx NonNMethodCodeHeapSize                   = 7602480                                {pd product} {ergonomic}
    uintx NonProfiledCodeHeapSize                  = 122027880                              {pd product} {ergonomic}
    uintx ProfiledCodeHeapSize                     = 122027880                              {pd product} {ergonomic}
    uintx ReservedCodeCacheSize                    = 251658240                              {pd product} {ergonomic}
     bool SegmentedCodeCache                       = true                                      {product} {ergonomic}
   size_t SoftMaxHeapSize                          = 2147483648                             {manageable} {ergonomic}
     bool UseCompressedOops                        = true                           {product lp64_product} {ergonomic}
     bool UseG1GC                                  = true                                      {product} {ergonomic}
     bool UseLargePagesIndividualAllocation        = false                                  {pd product} {ergonomic}

Logging:
Log output configuration:
 #0: stdout all=warning uptime,level,tags foldmultilines=false
 #1: stderr all=off uptime,level,tags foldmultilines=false

Environment Variables:
JAVA_HOME=D:\jdk11
PATH=C:\Program Files\NVIDIA GPU Computing Toolkit\CUDA\v12.4\libnvvp;C:\Program Files\NVIDIA GPU Computing Toolkit\CUDA\v12.4\bin;D:\jdk11\bin;C:\Program Files (x86)\Common Files\Oracle\Java\javapath;D:\mysql80Server\bin;D:\1111kaoyan111111111111111111111111111111\mysql-8.0.34-winx64\bin;C:\ProgramData\Oracle\Java\javapath;D:\app\20839\product\11.2.0\dbhome_1\bin;C:\Windows\system32;C:\Windows;C:\Windows\System32\Wbem;C:\Windows\System32\WindowsPowerShell\v1.0\;C:\Windows\System32\OpenSSH\;C:\Program Files (x86)\NVIDIA Corporation\PhysX\Common;C:\WINDOWS\system32;C:\WINDOWS;C:\WINDOWS\System32\Wbem;C:\WINDOWS\System32\WindowsPowerShell\v1.0\;C:\WINDOWS\System32\OpenSSH\;D:\1111kaoyan111111111111111111111111111111\YING  gu\apache-maven-3.6.1-bin\apache-maven-3.6.1\bin;D:\1111kaoyan111111111111111111111111111111\AI\bin;C:\Program Files\NVIDIA Corporation\NVIDIA app\NvDLISR;C:\Program Files\NVIDIA Corporation\NVIDIA NvDLISR;C:\Users\20839\Downloads\neo4j-community-4.4.41-windows\neo4j-community-4.4.41\bin;C:\Users\20839\sdk\go1.24.3\bin;D:\1111kaoyan111111111111111111111111111111\AI\Git\cmd;C:\Program Files\NVIDIA Corporation\Nsight Compute 2024.1.0\;C:\Program Files\Pandoc\;D:\1111kaoyan111111111111111111111111111111\go\protoc-3.9.0-win64\bin;C:\Users\20839\go\bin;C:\Users\20839\Redis-8.0.1-Windows-x64-cygwin-with-Service;C:\Program Files\Docker\Docker\resources\bin;D:\1111kaoyan111111111111111111111111111111\AI\Git\bin;C:\Users\20839\AppData\Local\nvm;C:\nvm4w\nodejs;D:\NodeJS;%IntelliJ IDED:\1111kaoyan111111111111111111111111111111\YING  gu\java\jdk1.8.0_271\bin;C:\Users\20839\AppData\Local\Microsoft\WindowsApps;D:\1111kaoyan111111111111111111111111111111\C++\CLion 2022.3\bin;;D:\1111kaoyan111111111111111111111111111111\Microsoft VS Code\bin;D:\1111kaoyan111111111111111111111111111111\IntelliJ IDEA 2021.2.1\bin;;C:\Program Files\NVIDIA GPU Computing Toolkit\CUDA\v12.3\bin;C:\Users\20839\AppData\Roaming\npm;C:\Users\20839\AppData\Local\GitHubDesktop\bin;C:\Users\20839\AppData\Local\nvm;C:\nvm4w\nodejs
USERNAME=20839
OS=Windows_NT
PROCESSOR_IDENTIFIER=AMD64 Family 25 Model 80 Stepping 0, AuthenticAMD
TMP=C:\Users\20839\AppData\Local\Temp
TEMP=C:\Users\20839\AppData\Local\Temp




Periodic native trim disabled

JNI global refs:
JNI global refs: 27, weak refs: 0

JNI global refs memory usage: 835, weak refs: 201

Process memory usage:
Resident Set Size: 11924K (0% of 16625724K total physical memory with 3733292K free physical memory)

OOME stack traces (most recent first):
Classloader memory used:
Loader bootstrap                                                                       : 11253K
Loader jdk.internal.loader.ClassLoaders$AppClassLoader                                 : 3465K
Loader com.intellij.database.remote.jdbc.impl.JdbcClassLoader$JdbcClassLoaderImpl      : 2818K
Loader jdk.internal.loader.ClassLoaders$PlatformClassLoader                            : 777K
Loader jdk.internal.reflect.DelegatingClassLoader                                      : 30160B
Loader com.intellij.database.remote.jdbc.impl.JdbcClassLoader$1                        : 6912B

---------------  S Y S T E M  ---------------

OS:
 Windows 11 , 64 bit Build 26100 (10.0.26100.5074)
OS uptime: 3 days 8:25 hours
Hyper-V role detected

CPU: total 16 (initial active 16) (16 cores per cpu, 2 threads per core) family 25 model 80 stepping 0 microcode 0xa50000f, cx8, cmov, fxsr, ht, mmx, 3dnowpref, sse, sse2, sse3, ssse3, sse4a, sse4.1, sse4.2, popcnt, lzcnt, tsc, tscinvbit, avx, avx2, aes, erms, clmul, bmi1, bmi2, adx, sha, fma, vzeroupper, clflush, clflushopt, hv, rdtscp, rdpid, fsrm, f16c, cet_ss
Processor Information for processor 0
  Max Mhz: 3201, Current Mhz: 2555, Mhz Limit: 3201
Processor Information for processor 1
  Max Mhz: 3201, Current Mhz: 2555, Mhz Limit: 3201
Processor Information for processor 2
  Max Mhz: 3201, Current Mhz: 2555, Mhz Limit: 3201
Processor Information for processor 3
  Max Mhz: 3201, Current Mhz: 2555, Mhz Limit: 3201
Processor Information for processor 4
  Max Mhz: 3201, Current Mhz: 2555, Mhz Limit: 3201
Processor Information for processor 5
  Max Mhz: 3201, Current Mhz: 2555, Mhz Limit: 3201
Processor Information for processor 6
  Max Mhz: 3201, Current Mhz: 2555, Mhz Limit: 3201
Processor Information for processor 7
  Max Mhz: 3201, Current Mhz: 2555, Mhz Limit: 3201
Processor Information for processor 8
  Max Mhz: 3201, Current Mhz: 2555, Mhz Limit: 3201
Processor Information for processor 9
  Max Mhz: 3201, Current Mhz: 3201, Mhz Limit: 3201
Processor Information for processor 10
  Max Mhz: 3201, Current Mhz: 2555, Mhz Limit: 3201
Processor Information for processor 11
  Max Mhz: 3201, Current Mhz: 2555, Mhz Limit: 3201
Processor Information for processor 12
  Max Mhz: 3201, Current Mhz: 2555, Mhz Limit: 3201
Processor Information for processor 13
  Max Mhz: 3201, Current Mhz: 2555, Mhz Limit: 3201
Processor Information for processor 14
  Max Mhz: 3201, Current Mhz: 2555, Mhz Limit: 3201
Processor Information for processor 15
  Max Mhz: 3201, Current Mhz: 2555, Mhz Limit: 3201

Memory: 4k page, system-wide physical 16236M (3632M free)
TotalPageFile size 51524M (AvailPageFile size 3M)
current process WorkingSet (physical memory assigned to process): 21M, peak: 157M
current process commit charge ("private bytes"): 256M, peak: 289M

vm_info: OpenJDK 64-Bit Server VM (21.0.6+9-b895.109) for windows-amd64 JRE (21.0.6+9-b895.109), built on 2025-03-26 by "builduser" with MS VC++ 16.10 / 16.11 (VS2019)

END.
